// Vitest Snapshot v1, https://vitest.dev/guide/snapshot.html

exports[`locale-data > should only have known characters 1`] = `
{
  "af_ZA": " #+-ABCDEFGHIJKLMNOPRSTUVWYZabcdefghijklmnopqrstuvwxyz",
  "ar": " #()-.T،ءآأؤإئابةتثجحخدذرزسشصضطظعغـفقكلمنهوىيًٍَُِّْٱ",
  "az": " #()+,-.ABCDEFGHJKLMNOPQRSTUVXYZabcdefghijklmnopqrstuvxyzÇÖÜçöüğİıŞşƏəабвгдеийклмнопрстуфцчьюя’",
  "base": " ()+,-./:;ABCDEFGHIJKLMNOPQRSTUVWXYZ_abcdefghijklmnopqrstuvwxyz",
  "bn_BD": "অআইএকগঙচজটডতধনপফবভমযরলশসহ়ািুৃেো্",
  "cs_CZ": " #()+-.ABCDEFGHIJKLMNOPRSTUVWXZabcdefghijklmnopqrstuvwxyzÁÍÚáéíóöúüýČčĎďěňŘřŠšťůűŽž",
  "cy": "ACEGHILMRSTabcdefghilnorstuwy",
  "da": " !"#()+,-./ABCDEFGHIJKLMNOPQRSTUVWYZabcdefghijklmnopqrstuvwxyzÅÆØãåæçéíø",
  "de": " #&'()+,-.ABCDEFGHIJKLMNOPQRSTUVWXYZabcdefghijklmnopqrstuvwxyzÄÖÜßàãäéíöúü",
  "de_AT": " #&()+,-.ABCDEFGHIJKLMNOPQRSTUVWXYZabcdefghijklmnopqrstuvwxyzÄÖÜßãäéíöúü",
  "de_CH": " #&+,-./ABCDEFGHIJKLMNOPRSTUVWYZabcdefghijklmnopqrstuvwxyzÖäçèéôöü",
  "dv": " #&+-.ހށނރބޅކއވމފދތލގޏސޑޒޓޔޕޖޗޘޙޚޛޝޞޟޠޡޢޣޤަާިީުޫެޭޮޯް",
  "el": " #&()+,-./ABCDEFGHILMNOPRSTUVWXYabcdefghiklmnopqrstuvwxyΆΈΌΐΑΒΓΔΕΖΗΘΙΚΛΜΝΞΟΠΡΣΤΥΦΧΨΩάέήίαβγδεζηθικλμνξοπρςστυφχψωϊόύώ",
  "en": " !"#$&'()*+,-./:<=?ABCDEFGHIJKLMNOPQRSTUVWXYZ[]abcdefghijklmnopqrstuvwxyzÉØáãäåçèéëíïñóöøùüýăđēńőřşŠšţūŻŽž’…",
  "en_AU": " #'()+-ABCDEFGHIJKLMNOPQRSTVWXYZabcdefghijklmnopqrstuvwxyz",
  "en_AU_ocker": " #()+-ABCDEFGHIJKLMNOPQRSTVWXYZabcdefghijklmnopqrstuvwxyz",
  "en_BORK": "-BINTUabcdefghijklmnopqrstuvxyz",
  "en_CA": " !#()+-.?ABCDEFGHIJKLMNOPQRSTUVWXYabcdefghijklmnopqrstuvwxyÎâèéô–’",
  "en_GB": " #'+-.?ABCDEFGHIJKLMNOPQRSTUVWYabcdefghiklmnopqrstuvwxyz",
  "en_GH": " #+-.?ABCDEFGHIJKLMNOPQRSTUVWYZabcdefghijklmnoprstuvwxyzɔε",
  "en_HK": " #'+-.ABCDEFGHIJKLMNOPRSTUVWXYZabcdeghiklmnoprstuvwxyz",
  "en_IE": " #()*+-ACDEFGHKLMNOPRSTVWXYabcdefghiklmnoprstuvwxy",
  "en_IN": " #'()+,-.ABCDEFGHIJKLMNOPQRSTUVWYZabcdefghijklmnopqrstuvwxyz",
  "en_NG": " #+-ABCDEFGHIJKLMNOPRSTUVWYZabcdefghijklmnopqrstuvwxyz",
  "en_US": " -ABCDEFGHJKLMNOPRSTUVWabcdefghiklmnoprstuvwy",
  "en_ZA": " #'()+-ABCDEFGHIJKLMNOPRSTVWXYZabcdefghijklmnopqrstuvwxyz",
  "eo": " !#(),-.ABCDEFGHIJKLMNOPRSTUVWZabcdefghijklmnoprstuvwxyzäéëöüĈĉĜĝĤĥĴĵŜŝŭ",
  "es": " #+,-./ABCDEFGHIJKLMNOPQRSTUVWYZabcdefghijklmnopqrstuvwxyzÁÓáéíñóúüý",
  "es_MX": " #+,-./ABCDEFGHIJKLMNOPQRSTUVWXYZabcdefghijklmnopqrstuvwxyzÁÑÓáéíñóúü",
  "fa": " #+,-./،ءآئابتثجحخدذرزسشصضطظعغفقلمنهوئًَِپچژکگی‌",
  "fi": " #-ABCEHIJKLMNOPRSTUVabefghijklmnoprstuvyä",
  "fr": " #%'()+,-./:;?ABCDEFGHIJKLMNOPQRSTUVWXYZabcdefghijklmnopqrstuvwxyzÆÇÈÉÎÑØàáâãäåçèéêëíîïñóôøùúûüāđğıłńœŽ’“”",
  "fr_BE": " #'+-/ABCDEFGHIJKLMNOPQRSTUVWXYZabcdefghijklmnopqrstuvwxyzÈÉàâçèéêëîïôû",
  "fr_CA": " #()+,-?ABCEGHJKLMNOPQRSTUVXYabcdehiklmnopqrstuvwÉÎé",
  "fr_CH": " #'+-.ABCDEFGHIJKLMNOPQRSTUVWXYZabcdefghijklmnopqrstuvwxyzÉÎàáâãäçèéêëîïôöûüÿšſ’",
  "fr_LU": " #+-ACDEGLMRVWabcdefghiklmnoprstuvxz",
  "fr_SN": " #'-.ABCDEFGHIJKLMNOPQRSTVWYZabcdefghijklmnopqrstuvwxyzÉèéëïÿ",
  "he": " "#%&'()+,-./ABCDEFGHIJKLMNOPRSTUVWXYZ_abcefgilmnoprstuvyְִַָֹּאבגדהוזחטיךכלםמןנסעףפץצקרשת׳״",
  "hr": " #()+,-.ABCDEFGHIJKLMNOPRSTUVWYZabcdefghijklmnopqrstuvwyzäöĆćČčĐđŠšŽž",
  "hu": " #%&()+,-./:ABCDEFGHIJKLMNOPQRSTUVWXYZabcdefghijklmnopqrstuvwxyzÁÉÍÓÖÚáãäåçèéíóöúüŐőű–’",
  "hy": " #'()+-./ԱԲԳԴԵԶԷԹԻԼԽԿՀՁՂՃՄՅՆՇՈՉՊՋՌՍՎՏՓՔՕՖաբգդեզէըթժիլխծկհձղճմյնշոչպջռսվտրցւփքօֆև․",
  "id_ID": " #()+,-.ABCDEFGHIJKLMNOPQRSTUVWXYZabcdefghijklmnopqrstuvwyz",
  "it": " #&'()+,-./ABCDEFGHIJKLMNOPQRSTUVWYZabcdefghijklmnopqrstuvwxyz°àèéìòù",
  "ja": " #*+-:、。々〜あいうえおかがきぎくぐけげこごさざしじすずせぜそぞただちぢっつづてでとどなにぬねのはばぱひびぴふぶぷへべぺほぼぽまみむめもゃやゅゆょよらりるれろわをんァアィイウェエォオカガキギクグケゲコゴサザシジスズセゼソタダチッツテデトドナニネノハバパヒビピフブプヘベペホボポマミムメモャュユョヨラリルレロワン・ー一丁七丈三上下不世並中丸丹主丼乃久之乗乙九也乱乳乾亀了事二五井亜交京亭亮人仁今介仏仕付代以仰伊伐休会伝伯似住佐体何作佳使依価保信修俵俸倉個倒値健傑備僚儀優元先光児入全八公六共兵具典内写冨冬冷凛凜凝処出分切刊列初判利制刷券則前剛剤副割劇力功加助勇勉動勝勲化北匠区匿十千半協南博印原及友双反取受口古可台右号司合吉同名向君否味命和咲哀品哉員哲哺唄問啓喜嘉噌器四回因困囲図固国園土地坂型垣城基埼堀堤報場塚塩塾境墓増墟墨壁壊壌壮夏外多夢大天太夫央失奇奈奉奔奥奧奨女奴好妃妥妻始姓委娘婚媒媛嫌子字孝学宅宇守安完官定宜宝実室宮家富察審寮寺対封専尉尋小尚尾屈屋属山岐岡岩岸島崇崎嵐嶋川巡工左差巻市希帝帯帳幣平年幸広庄床序底店府度座庫康廃廉延建式弔引弘弥弱張当形彦彩彼待律後復徳徹心忍志忘応怒怖思急性恥恨息恵悔悠悦悪悲情惑愛慮慶憂憶懇成戦戸所扇手払承抑投拒拓拘括持指捕掛採接推提揺携摂摘撃操擬支放敏救教敬数敵文斉斎斐斗料斬断新方施旅既日旧早昇明星春昭普智暇暗暴曜曲書月有服望朝木未末本杉杏材村来東松板枕林果枢架柄柏柱柳柴査栃栄栗栞株核根格桃案桐桑桜梅梨梶棄棒森椅植検楓業楽榊榎構槻樋模横樹橋機欠次欧歌正武歩歯死殊残段殺殻母毎比毛氏民気水永求汚江池沖沙没沢河油治沼況泉法波泥泰泳洋洗津活浅浜浦浩浮海浸消液涼深淳清済渋減渡渦測港湊湖湯湾満源溝溶滋滝漂漠漬潔潜潟潮澤濃濯瀬火炭点無焦然照煩熊燃燥片版牙牛牧物牲特犠犬犯状狂独猿獣玉玲理琴瑛瓶生産用田由甲男町畑畠番異疎疾病発白百的皇盆盛盤目盲直相県真着瞬瞳矢知石破硫碁確磨礎社祉祐神禅禍福秀秋秒秘移程税稔稲穂積空窒窓窪立竜端競竹笠筒箸節篠簿米粧糖糸系紀約紋納純紛素紬累細紺終結統絵絹継緊総緒締縄縛縮繁織缶置羊美群義羽翔翼老者耐聡聴育胃背脱腸自臭臼舞船艇良色花芳芸芽若英茂茜茨荒荻莉菅菊菜華萌萩落葉葬葵蒼蓄蓮薬藤虚虫蛇血行術街衣裁装裏裕製襲西見視親観角解設証評詞試詰話誇誉認誓誘語誠誤説談請諸謙謡譜警議譲谷豊象豪貞貨貫貯貴買費賀資賓賛賢赤走起超越足路踏車軒軸較輔輝輪輸辛辞辰農辺辻込近返迫迷退送逆通連逮週進遇運道達違遠遣遥遮遺避邊邦郎部郭都配酒酷酸里重野量金鈍鈴鉄鉛鉱銀銅鋭錠錯鍋鎌鎮長門閉開間関阜阪防阿限院陳陸険陽隆隔雄雅雇雑難雰零電霊青靖静非面韓音頂頃順須預頑領頭題額風颯食飯飽館首香馬駄駆駿騎験騰高髪魅魔鮮鳥鳴鶴鹿麻黄黒黙齋齢龍",
  "ka_GE": " #()+-.აბგდევზთიკლმნოპჟრსტუფქღყშჩცძწჭხჯჰ’",
  "ko": " #+,-.·가간갈감강같개거건검겁게겨격견결겸경계고곡곤골곰공과곽관광굉교구국군굴굵권귀귄규그극글금급긋기긴길김깊까깝깨꺅꼬꽃꾀꾸꿩끄끊끔끗끼나난날남내냉널넓네년노논놀농뇌누눈뉴느는늘늙능늪늬니닉다단닫달닭담답당대댑댕더덕덤덧데도독돈돌동되된될두둑둔둘둥드든들듭딜따딱때떼또똑똘뚝뚤뛰뜸띠라락란람랏랑래랙랜략량러럽렁레렉려력련렬로록롭롱뢰료룡루룩룹룻룽류률륭르른를름릉리릭린릴림릿링마막만많말맛망매맥맹머먹먼멍메멕멧며면멸명모목몬몹몽무문물뭉뮤미민밀바박반받발밝밤밥방배백뱀뱁버벌범법베벨벳벽변별병보복본볼봄봉부북분불붉붐붙브블비빈빗빠빨빼뻐뽀뿔쁘쁜삐사산살삼상새색샘생샤서석선설섬성세센션셰셸소속손솔솜송쇠쇼수숙순술숲쉬슈스슨슬습승시식신실심싼쌍써쏙씬아악안알암앙앞애앨앵야약얀양어억언얼엄업없엉에엔엘여역연열염영예오옥온올옹와완왕왜외요욕용우욱운울움웅워원월웨웰위윈윙유육윤율으은을음응의이익인일임입있잉자작잔잠잡장재잭저적전절젊점정제젠조족존종좋좌죄주죽준줄중즈즐증지직진질집짜짧쩍찍차착찬참창채처천철청체초촌총최추출충취치친칠침카칸캘캣컬케코콜콩쾌쿠쿤쿨크큰키킨킴타탁탄탈탐탑태택터턱털테토톨톱통투퉁트특티틱파판팔패팽펌페펙펠펭편평포표푸품풍프픈피픽핀필하학한할함합항해행향허헌험헤혁현형혜호혹혼홍화확환활황회효후훈훌휴흑흔흥희흰히힌힘",
  "lv": " #()+,-.ABCDEFGHIJKLMNOPRSTUVZabcdefghijklmnopqrstuvxyzĀāČčĒēĢģĪīĶķĻļņŠšŪūŽžайкнопрсуы",
  "mk": " #()+,-.IcejЃЅЈЉЊЌЏАБВГДЕЖЗИКЛМНОПРСТУФХЦЧШабвгдежзиклмнопрстуфхцчшѓјљњќџ’",
  "nb_NO": " #+,-.ABCDEFGHIJKLMNOPRSTUVWXYZabcdefghijklmnopqrstuvwxyzØåæéø",
  "ne": " #+-ABCDGHIJKLMNPRSTabcdefghijklmnoprstuvwxy",
  "nl": " !#%&'()+,-.;?ABCDEFGHIJKLMNOPQRSTUVWXYZabcdefghijklmnopqrstuvwxyzÃâãéêëïöúû",
  "nl_BE": " #'+-./ABCDEFGHIJKLMNOPQRSTUVWXYZabcdefghijklmnopqrstuvwxyzéë",
  "pl": " !"#'()+,-./ABCDEFGHIJKLMNOPQRSTUVWYZ[]abcdefghijklmnopqrstuvwxyzäçéóöüąĆćęŁłńŚśźŻż–…",
  "pt_BR": " #&()+,-.:ABCDEFGHIJKLMNOPQRSTUVWXYZabcdefghijklmnopqrstuvwxyzÁÍÓàáâãçéêíóôõú",
  "pt_PT": " #()+-./ABCDEFGHIJKLMNOPQRSTUVWXZabcdefghijklmnopqrstuvwxyzªºÁÂÉÍàáâãçéêíóôõú",
  "ro": " #+,-.ABCDEFGHIJKLMNOPRSTUVXZabcdefghijklmnoprstuvxyzÎâăȘșȚț",
  "ro_MD": " #+,-./ABCDEFGHIJKLMNOPRSTUVXZabcdefghijklmnoprstuvxyzâîăȘșț",
  "ru": " !#'()+,-.AOАБВГДЕЖЗИЙКЛМНОПРСТУФХЦЧШЩЭЮЯабвгдежзийклмнопрстуфхцчшщъыьэюяё—",
  "sk": " "#()+-./ABCDEFGHIJKLMNOPRSTUVWXZabcdefghijklmnopqrstuvwxyzÍÚáäéíóôöúýČčĎďěĽľňŕřŠšťŽž",
  "sr_RS_latin": " #()+.ABCDEFGHIJKLMNOPRSTUVWZabcdefghijklmnopqrstuvwyzĆćČčĐđŠšŽž",
  "sv": " #+,-.ABCDEFGHIJKLMNOPQRSTUVWYZabcdefghijklmnopqrstuvwxyzÄÅÖãäåçéíö",
  "ta_IN": "ஆஐகஙசஞடணதனபமயரறளழவாிுெை்",
  "th": " !#+-.;กขคฅฆงจฉชซฌญฎฏฐฑฒณดตถทธนบปผฝพฟภมยรฤลวศษสหฬอฮฯะัาำิีึืุูเแโใไ็่้๊๋์",
  "tr": " #%&'()+,-.ABCDEFGHIJKLMNOPRSTUVWYZabcdefghijklmnopqrstuvwxyzÂÇÖÜâçéîöûüğİıŞş",
  "uk": " #()+,-.ЄІАБВГДЕЖЗЙКЛМНОПРСТУФХЦЧШЩЮЯабвгдежзийклмнопрстуфхцчшщьюяєіїґ’",
  "ur": " #&+-.ABCDGIJKPSTabcdefghijklmnoprstuvwyzؑءئابتثجحخدرزسشصطظعغفقلمنهوَُْٰٓٗٹپچڈڑژکگںھہیے‎",
  "uz_UZ_latin": " #',-.ABCDEFGHIJKLMNOPQRSTUVWXYZ\`abcdefghijklmnopqrstuvwxyz‘’",
  "vi": " #+-.ABCDEFGHIJKLMNOPQRSTUVXYZabcdefghijklmnopqrstuvwxyzÁÂÚÝàáâãèéêìíòóôõùúýăĐđĩũơưạẢảẤấầẨẩẫậắằẵặẽếềểễệỉịọỏốồổỗộớờởợụủứừửữựỳỷỹ",
  "yo_NG": "ABDEFGIJKLMNOPRSTWYabdefghijklmnoprstuwy",
  "zh_CN": " #()+-./ABCDEGHIJKLMOPQRSTUXYZabcdefghijklmnopqrstuvwxyz·、。【】一丁七万三上下不与丑专且世丘丙业丛东丝严个中丰串丹为主丽举乃久么义之乌乍乎乐乔乖乘乙乜九也习乡书买乳乾了事二于亏云互亓五井亚些亢交亥产亨享京亭人什仁仅仆仇仉介仍从仑仔他付仙仝代令以仨仪们仰仲仵任份仿企伊伍伏伐休众优会伟传伤伦伯似但位佐体何佘余佛作佟你佩佳佴佼使侍依侠侣侦侨侬侯侵便俄俊俎保俞俟信修倒倘候倚倡倩倪偏做健偶傅储傲像僧僪儒儿允元充兆先光克免党入全八公六兰共关兴兵其具典兹养冀内冈冉再冒冗写军农冠冬冯冰况冶冷冻冼净凉凌凝几凡凤凭凯凰凹出击函刀刁分切刑列刘刚创初利别到制刷前剑剧剪劈力办功加务动助努励劳势勇勋勒勤勾包匈化北匙匠匡区医十千半华协卑卓单卖南博卜卞占卡卢卤卧卫卯印危即却卷卿厄历厉压厍厚原厦去县叉及友双反发叔取受变叙叠口古只召可台史叶号司吃各合吉同名后吐向吕君吞听吮启吴吸吹吾呀呃呈告呐呕员呜周味呼咀和咎咕咖咚咦咪咬咸哀品哇哈哎哐哒哗哟哥哦哨哪哭哲哼唉唐唱啃啄商啊啧啸喀喂善喇喊喜喝喱喷喻嗨嘉嘘嘴嘻嘿噜器嚼四回因团园围固国图圆土圣在圭地圳场坎坏坐块坚坞坡坦埃城埔培基堂堕堡堪堵塑塔塞填境墓墙墨壕士壬壮声壳备复夏夔夕外夙多夜大天太夫央头夷奇奈奉契奔奕套奚奢奥女奶她好如妄妈妍妫姆始姒姓委姚姜姬威娃娄娇娜娟婆婷媒嫩嬴子孔字存孙孛孜孝孟季孤学孩宁宅宇守安宋完宏宓宗官定宛宜宝实客宣宥宦宫宰家宸容宽宾宿密寇富寒寓察寨寸对寻导寿封射将尉小少尔尖尘尚尝尤尧就尹尼尽尾局层居屈屋屎屏展属屠山岁岑岗岛岩岭岳岸峻崇崔嵇川州巡巢工左巧巨巩巫差己已巴巷巾币市布帅师希帕帖帛帝带席常帽幕干平年幸幻幽广庄庆序庐库应底店庚府庞废度座庵康庸庹庾廉廊廖延廷建开异式弓引弗弘弟张弥弦弧弭弹强归当录形彤彩彪彬彭影彷往很律徐徒得御徨徭微德徽心必忆忍志忙忠快念忻怀态怕怖思怡性怪总恐恒恨恩恭恽悉悍悚悟悠悦悬悲情惊惟惠想愈意愚感慈慎慕慢慧懒懿戈戊戎戏成我或战戚戢戴户房所扈手才打扔托扣执扬扭扶承技抄把抓投抗折抚抛报披抬抱抽抿拆拉拌拍拎拔拖招拜拟拣拧拨择拱拼拿持指按挑挖挝挡挥挪振捉捏捡捣捧据捶捷捺掀掌掐排掘探接控推掷揍提插握揭揽搀搁搂搔搜搡搭携摄摇摊摔摘摩摸撑撒撕撞撬播撮擅操擎擒擦攀攥支收改放政敏敖教敛敢敦敬数敲整文斋斌斐斑斗料斛断斯新方於施旁旅族旗无既日旦旧旭时旷旺昂昆昊昌明易昔昕昝星春是显晁晋晏晓晚晟晨普景晴晶智暖暗暨暴暹曲更曹曼曾最月有朋服朔朗望朝期木未末本术朱朴机杀杂权杉李杏材村杜杞束条来杨杭杯杰杷松板极枇析枕林枚果枝枣枪枫枸柏柑柔柚柠查柬柯柳柴柿标栈栋树栗校核根格栾桂桃桌桐桑桓桥梁梅梓梗梦梨梭械梵检棉棕森椅椋植椒楚楠楷楼概榄榕榜榴樊樟模樱橄橘橙橡檀檬次欣欧款歌止正此步武歧殇残殳段殷毅毋母毓比毕毛氏民气氖氙氟氡氢氦氧氩氪氮氯水永汁求汇汉汐汕汗汝汞江池汤汪汲汶汽沃沈沐沙没沫河油治沿泉泊法泡波泣泥注泪泰泷泽洁洋洗洛津洪洲活派流浅浆济浑浒浓浙浦浩浪浮海涂涛液涵淀淋淡淦深淳混淼清渊渐渠温港游湖湘湛湾源溜溥溪溴溺滑滕滚满滨漆演漫潇潘潜潭潮澄澳澹濮濯瀚灌火灯灰灵炎炒炖炫炬炸点烈烘烟烤烧烨热焉焖焦焱然煊煎煜照煮煲煸熊熙熟熠燃燕爆爪爬爱爵父爷爽片版牌牙牛牟牢牧物牵特犁犬状犹狂狄狐狗独狮狸狼猎猛猪猫献獒獚玄玉王玛玥玩玫环现玲玳玻珀珈珊珍珠班球琅理琊琦琪琴瑁瑙瑚瑜瑞瑰瑶瑾璩瓜瓢瓦瓮瓶瓷甄甘甚甜生用甫田由甲申电男甸画畅界畔留略番疆疏疑痣癸登白百皂的皇皋皓皮盈益盍监盒盖盗盘盛目直相盾省真眭眼着睢督睦睫睹睿瞿知矩矫短石矶矿码砂研破砷砹硅硒硕硫硬硼碌碎碘碧碲碳磊磨磷示礼社祁祈祖祝神祢祥票祭祺禄福禚禹离禽禾秀秋种科秒秘秦称移程稍税稻稽穆穰究穹空穿突窗窦立竞章童竭端竹竺笃笋笑笔笛符笪第笼等筋筑答简箕算管箱籍米类籽粉粗粘粟粤精糖糜糯系素索紫累綦繁红约级纪纲纳纵纽线练组细终绍经绒结绕给络绝统绪续绳维绿缀缅缈缑编缘缥缩缪网罕罗羊美群羽羿翁翅翊翟翠翦翰耀老考者而耐耕耳耶耿聂聊职联聪肃肇肉肖肠股肥肯育胆背胜胡胤胥胭胶能脂脆脑脚脱腊腌腐腓腩腰腹腻腾臀臧自臭至致舌舍舒舜舞航般舰良色艳艺艾节芋芒芙芝芥芦芫芬芮芯花芳芹芽苌苍苏苑苗苟苡若苦英苹茂范茄茅茆茗茨茴茶茹茼荀荆草荔荞荣荤药荷荽莎莓莘莫莱莲莴获莽菅菇菊菜菠菱菲萄萍萝萤营萧萨萱葛葡董葫葬葱蒂蒉蒋蒙蒜蒯蒲蒸蒿蓄蓉蓝蓟蓬蔓蔚蔡蔬蔺蔻蕉薄薇薛薯藏藕藤藩蘸虎虚虞虢虫虱虹虽虾蚁蚊蚜蚝蚤蛇蛉蛋蛮蛾蜂蜉蜓蜜蜻蝇蝉蝗蝣蝴蝶螂融螳蟀蟋蠕血衅行街衡衣表衫衬衷袁袖袭裂装裔裕裘裤裴裹褐褒褚西要覃覆见观规视觉角解触言訾詹謇警计认让议记许论设诀识译试诗诚诛话诡该语诱说诸诺读课调谈谊谌谏谢谣谬谭谯谷豆豌豚象豪豹貊贝贡责货质贯贰贲贴贵贷贸费贺贼贾资赏赐赖赛赞赠赤赧赫走赵起超越足跑跟跨路跳蹇蹉身车轨轩转轮软轻载轿较辅辉辑输辕辛辜辟辣辰边辽达迅过迈运近还这进远连迟迦迪迮迷迹退送适逄逆选逊逐途通速造逢逮逯遇道邓邗邛邝邢那邬邮邰邱邴邵邶邸邹郁郎郏郑郗郜郝郦部郭郯郸都鄂鄞鄢酆酋配酒酥酪酱酷酸醇醋释里重野量金鉴鑫钆钇针钊钋钌钍钐钒钔钕钙钚钛钞钟钠钡钢钥钦钨钪钫钬钭钮钯钰钱钴钷钼钽钾铀铁铂铃铅铈铊铋铌铍铎铑铒铕铜铝铟铥铪铬铯铱银铷铹铼铽链锁锂锅锆锇锋锌锎锐锑锔锕锗锘错锝锡锦锫键锰锶锺锿镁镄镅镆镇镉镍镎镓镜镝镤镥镧镨镭镱长门闪闫闭问闳间闵闻闽闾阎阙阚阮防阳阴阵阿陀际陆陈限陕院除险陶隆隋随隐隗隽难雀雄雅集雍雕雨雪雯零雷雾需震霍霖霜霞青靖静靛非靠面革靳鞋鞠韦韩韬韭音韶页项顺须顾顿领频颖题颜风飘飞食饨饭饮饰饶饺饼馄馅馆首香馥馨马驰驱驴驶驹驼驾骆骑骞骥骨高鬼魂魏魔鱼鲁鲈鲍鲜鲟鲤鲫鲶鳄鳙鸟鸠鸡鸭鸯鸳鸵鸽鸿鹂鹅鹊鹌鹎鹏鹑鹤鹬鹭鹰鹿麦麴麻黄黎黑默黾鼎鼠齐齿龙龚龟鿏鿔鿫鿬鿭𫓧𫟷𫟼𬬭𬬻𬭊𬭛𬭳𬭶！（），",
  "zh_TW": " #+-一丁三中乳二五任何侯俊修偉健傅傑六凱劉化北南博台史君吳呂哲唐嘉嘯嚴四園城基堂堯夏天女姚姜子孔孟孫宇宋宜家宸尹屏展峻崔市廖建弘張強彤彬彭彰徐志思愚懿戴投振擎文新方於日旭昊明昕星晉晟晨智曉曹曾月期朱李杜杰東松林果柏栗桃梁梓棕楊楷榮樂橙檸正武段毛江汪沈洋洪浩涵淡淵淺淼湖源潔潘澎澤濤瀚瀟灣灰炎炫焱然煊煜熊熙熠燁王琪瑜瑞瑾田男白皓盧省睿石磊祥祺福秦程立竹笑範粉紅紫紹綠縣羅義翊耀聰胡胤致臺航色花苑苗荷莫華萬葉董蒼蓮蔡蔣蕭薄薛藍蘇蘭號街袁褐西覃許語誠謝譚豪賀賈賴超越趙路軒輝連週遠邱邵郝郭鄒鄧鄭金鈺銀錢錦鐘鑫門閻陳陶陸隆雄雨雪雲雷霖青靖靛韋韓顧風飛餘馬馮馳駒騫高魏鴻鵬鶴鷺黃黎黑默齊龍龔",
  "zu_ZA": " #+-ABCDEFGHIJKLMNPRSTUVWYZabcdefghijklmnopqrstuvwyz",
}
`;
